// Jest Snapshot v1, https://goo.gl/fbAQLP

exports[`Card renders with Cover 1`] = `
.emotion-0 {
  border-radius: 2px;
  overflow: hidden;
}

<div
  class="emotion-0"
>
  <div
    style="height: 204px; overflow: hidden;"
  >
    <img
      alt="dessert"
      src="https://github.githubassets.com/images/modules/logos_page/GitHub-Mark.png"
      style="width: 100%; transform: translateY(-20px);"
    />
  </div>
</div>
`;

exports[`Card renders with Meta 1`] = `
.emotion-0 {
  font-size: 16px;
  font-weight: 500;
  line-height: 1.5;
  color: #1f1f1f;
  overflow: hidden;
  text-overflow: ellipsis;
  white-space: nowrap;
}

.emotion-1:not(:first-of-type) {
  margin-top: 4px;
}

.emotion-2 {
  display: -webkit-box;
  display: -webkit-flex;
  display: -ms-flexbox;
  display: flex;
  -webkit-align-items: center;
  -webkit-box-align: center;
  -ms-flex-align: center;
  align-items: center;
  -webkit-box-pack: justify;
  -webkit-justify-content: space-between;
  justify-content: space-between;
}

.emotion-2:last-of-type {
  margin-top: 16px;
}

.emotion-3 {
  vertical-align: middle;
  display: inline-flex;
}

.emotion-4 {
  background-color: #c2c2c2;
  display: inline-flex;
  overflow: hidden;
  word-wrap: break-word;
  white-space: nowrap;
  color: #fff;
  -webkit-flex-direction: row;
  -ms-flex-direction: row;
  flex-direction: row;
  -webkit-align-items: center;
  -webkit-box-align: center;
  -ms-flex-align: center;
  align-items: center;
  -webkit-box-pack: center;
  -ms-flex-pack: center;
  -webkit-justify-content: center;
  justify-content: center;
  padding: 4px;
  width: 32px;
  height: 32px;
  font-size: 14px;
  line-height: 22px;
  border-radius: 50%;
}

.emotion-5 {
  display: flex;
  -webkit-flex-direction: row;
  -ms-flex-direction: row;
  flex-direction: row;
  -webkit-align-items: center;
  -webkit-box-align: center;
  -ms-flex-align: center;
  align-items: center;
  -webkit-box-pack: center;
  -ms-flex-pack: center;
  -webkit-justify-content: center;
  justify-content: center;
  width: 14px;
  font-size: 14px;
  height: 14px;
}

.emotion-6 {
  vertical-align: middle;
}

.emotion-7 {
  display: -webkit-box;
  display: -webkit-flex;
  display: -ms-flexbox;
  display: flex;
  -webkit-align-items: center;
  -webkit-box-align: center;
  -ms-flex-align: center;
  align-items: center;
  -webkit-box-pack: justify;
  -webkit-justify-content: space-between;
  justify-content: space-between;
}

.emotion-8 {
  display: -webkit-box;
  display: -webkit-flex;
  display: -ms-flexbox;
  display: flex;
  -webkit-align-items: center;
  -webkit-box-align: center;
  -ms-flex-align: center;
  align-items: center;
}

.emotion-9 {
  display: -webkit-box;
  display: -webkit-flex;
  display: -ms-flexbox;
  display: flex;
  -webkit-align-items: center;
  -webkit-box-align: center;
  -ms-flex-align: center;
  align-items: center;
  -webkit-box-pack: center;
  -ms-flex-pack: center;
  -webkit-justify-content: center;
  justify-content: center;
  overflow: hidden;
  text-overflow: ellipsis;
  white-space: nowrap;
  cursor: pointer;
  color: #5c5c5c;
  -webkit-transition: color 0.2s ease-in-out;
  transition: color 0.2s ease-in-out;
}

.emotion-9:not(:last-child) {
  margin-right: 24px;
}

.emotion-9:hover {
  color: #1e6fff;
}

<div>
  <div>
    <div
      class="emotion-0"
    >
      CardMeta
    </div>
    <div
      class="emotion-1"
    >
      MetaContent
    </div>
  </div>
  <div
    class="emotion-2"
  >
    <div>
      <div
        class="emotion-3"
      >
        <div
          class="emotion-4"
        >
          <div
            class="emotion-5"
          >
            <svg
              class="emotion-6"
              color="currentColor"
              height="14px"
              viewBox="0 0 16 16"
              width="14px"
            >
              <title>
                PersonIcon
              </title>
              <path
                d="M8 8a4 4 0 1 0 0-8 4 4 0 0 0 0 8zm2.667-4a2.667 2.667 0 1 1-5.334 0 2.667 2.667 0 0 1 5.334 0zM16 14.667C16 16 14.667 16 14.667 16H1.333S0 16 0 14.667c0-1.334 1.333-5.334 8-5.334s8 4 8 5.334zm-1.333-.006c-.002-.328-.206-1.314-1.11-2.218-.869-.87-2.505-1.776-5.557-1.776-3.053 0-4.688.906-5.557 1.776-.904.904-1.107 1.89-1.11 2.218h13.334z"
                fill="currentColor"
              />
            </svg>
          </div>
        </div>
      </div>
    </div>
    <div
      class="emotion-7"
    >
      <div
        class="emotion-8"
      >
        <span
          class="emotion-9"
        >
          <svg
            class="emotion-6"
            color="currentColor"
            height="1em"
            viewBox="0 0 16 16"
            width="1em"
          >
            <title>
              LikeIcon
            </title>
            <path
              clip-rule="evenodd"
              d="m8.892.83.121.057c.811.391 1.988 1.18 1.988 2.447 0 .502-.223 1.168-.669 1.998h2.526c1.99 0 2.447 1.756 1.99 3.071l-1.99 5.237a1.414 1.414 0 0 1-1.366 1.032H3.328v-9.34h1.365l2.967-4.22C7.847.812 8.353.584 8.892.83zM2.333 5.333v9.333H1V5.333h1.333z"
              fill="currentColor"
              fill-rule="evenodd"
            />
          </svg>
        </span>
        <span
          class="emotion-9"
        >
          <svg
            class="emotion-6"
            color="currentColor"
            height="1em"
            viewBox="0 0 16 16"
            width="1em"
          >
            <title>
              ShareIcon
            </title>
            <path
              clip-rule="evenodd"
              d="M8.585 4.644C3.844 4.644 0 8.53 0 13.324c0 .297.032.697.097 1.2a.195.195 0 0 0 .359.079l.123-.193c.12-.182.223-.33.312-.444 1.4-1.795 3.687-2.81 6.7-2.85l.994-.002v3.49a.404.404 0 0 0 .685.28l6.554-6.464a.588.588 0 0 0 0-.84L9.27 1.116a.405.405 0 0 0-.568 0 .393.393 0 0 0-.118.28v3.248z"
              fill="currentColor"
              fill-rule="evenodd"
            />
          </svg>
        </span>
        <span
          class="emotion-9"
        >
          <svg
            class="emotion-6"
            color="currentColor"
            height="1em"
            viewBox="0 0 12 12"
            width="1em"
          >
            <title>
              MoreIcon
            </title>
            <path
              clip-rule="evenodd"
              d="M2 6a1 1 0 1 1-2 0 1 1 0 0 1 2 0zm5 0a1 1 0 1 1-2 0 1 1 0 0 1 2 0zm4 1a1 1 0 1 0 0-2 1 1 0 0 0 0 2z"
              fill="currentColor"
              fill-rule="evenodd"
            />
          </svg>
        </span>
      </div>
    </div>
  </div>
</div>
`;

exports[`Card renders with different hoverable 1`] = `
.emotion-0 {
  position: relative;
  font-size: 14px;
  line-height: 1.57;
  background-color: #fff;
  border-radius: 2px;
  -webkit-transition: box-shadow 0.2s ease-in-out;
  transition: box-shadow 0.2s ease-in-out;
  border: solid 1px #ebebeb;
}

.emotion-0:hover {
  box-shadow: 0 4px 10px 0 rgba(0, 0, 0, 0.08);
}

.emotion-1 {
  position: relative;
  display: -webkit-box;
  display: -webkit-flex;
  display: -ms-flexbox;
  display: flex;
  -webkit-box-pack: justify;
  -webkit-justify-content: space-between;
  justify-content: space-between;
  -webkit-align-items: center;
  -webkit-box-align: center;
  -ms-flex-align: center;
  align-items: center;
  box-sizing: border-box;
  border-bottom: solid 1px #ebebeb;
  padding: 16px;
}

.emotion-2 {
  font-size: 16px;
  font-weight: 500;
  line-height: 1.5;
  color: #1f1f1f;
  -webkit-flex: 1;
  -ms-flex: 1;
  flex: 1;
  overflow: hidden;
  text-overflow: ellipsis;
  white-space: nowrap;
}

.emotion-3 {
  box-sizing: border-box;
  padding: 16px;
  color: #999;
}

<div
  class="emotion-0"
>
  <div
    class="emotion-1"
  >
    <div
      class="emotion-2"
    >
      hoverable
    </div>
  </div>
  <div
    class="emotion-3"
  />
</div>
`;
